// Jest Snapshot v1, https://goo.gl/fbAQLP

exports[`<Routes/> renders wtihout crashing 1`] = `ShallowWrapper {}`;
