// Jest Snapshot v1, https://goo.gl/fbAQLP

exports[`<Navigation/> should render without crashing 1`] = `ShallowWrapper {}`;
