// Jest Snapshot v1, https://goo.gl/fbAQLP

exports[`<TextInput/> Should render without crashing 1`] = `ShallowWrapper {}`;
