// Jest Snapshot v1, https://goo.gl/fbAQLP

exports[`USerForm renders wtihout crashing 1`] = `ShallowWrapper {}`;
